// Jest Snapshot v1, https://goo.gl/fbAQLP

exports[`BlogPostActionBar should match snapshot 1`] = `
<div>
  <div
    class="sc-bdfBwQ cBMwYR sc-gsTCUz cMSAim"
    display="flex"
  >
    <span>
      <div>
        some content
      </div>
    </span>
  </div>
</div>
`;
