// Jest Snapshot v1, https://goo.gl/fbAQLP

exports[`Box component should render a box w/ content 1`] = `
<div>
  <div
    class="sc-AxjAm hHnfEy"
    display="flex"
  >
    <span>
      Hello Box ðŸŽ‰
    </span>
    <a
      href="#"
    >
      some link
    </a>
  </div>
</div>
`;
