// Jest Snapshot v1, https://goo.gl/fbAQLP

exports[`SocialLink component should render social link for twitter 1`] = `
<div>
  <a
    class="sc-bdvvaa cnDazs"
    href="/"
    p="20,40"
  >
    Some Content
  </a>
</div>
`;
