// Jest Snapshot v1, https://goo.gl/fbAQLP

exports[`Footer should render w/ children 1`] = `
<div>
  <footer
    class="sc-bdnxRM cCBjOh"
    display="flex"
    width="100%"
  >
    some footer content
  </footer>
</div>
`;
