// Jest Snapshot v1, https://goo.gl/fbAQLP

exports[`Typography component should render a box w/ content 1`] = `
<div>
  <h1
    class="sc-AxjAm ePFHWU"
  >
    Hello Typography ðŸŽ‰
  </h1>
</div>
`;
