// Jest Snapshot v1, https://goo.gl/fbAQLP

exports[`Typography component should render a link w/ gatsby link 1`] = `
<div>
  <a
    class="sc-gsDJrp iggsoV"
    href="/"
  >
    <span
      class="sc-bdvvaa knLrEo"
    >
      Hello Link ðŸŽ‰
    </span>
  </a>
</div>
`;

exports[`Typography component should render a link w/ href 1`] = `
<div>
  <a
    class="sc-gsDJrp iggsoV"
    href="/some-link"
  >
    <span
      class="sc-bdvvaa knLrEo"
    >
      Hello Link ðŸŽ‰
    </span>
  </a>
</div>
`;
