// Jest Snapshot v1, https://goo.gl/fbAQLP

exports[`Teaser component should render a teaser w/ content 1`] = `
<div>
  <div
    class="sc-bdvvaa jpUCIR"
    display="flex"
  >
    <span
      class="sc-iCfLBT iWpJp"
    >
      <svg
        class="sc-pVTma ghdccg"
        data-file-name="SvgBrowser"
      />
      <svg
        class="sc-furvIG ezfHtA"
        data-file-name="SvgBackground"
      />
    </span>
    <div
      class="sc-jrQzUz bgLYmB"
    >
      <h2
        class="sc-gsDJrp ebQNtU"
        font-family="Source Code Pro"
        font-weight="600"
      >
        Hello World
      </h2>
    </div>
  </div>
</div>
`;
